// Jest Snapshot v1, https://goo.gl/fbAQLP

exports[`App renders component after click event snapshot test 1`] = `
<div>
  <div
    class="App"
  >
    <div
      class="loginPage"
    >
      <div>
        <fieldset>
          <form
            class="loginForm"
          >
            <h1>
              Itstagram
            </h1>
            <input
              class="email"
              placeholder="Email"
              type="email"
            />
            <div
              class="passwordDiv"
            >
              <input
                class="password"
                placeholder="Password"
                type="password"
              />
              <button
                type="button"
              >
                Show
              </button>
            </div>
            <button
              class="loginBtn"
            >
              Log in
            </button>
            <h2>
              <span
                class="OR"
              >
                OR
              </span>
            </h2>
            <span
              class="googleLogin"
            >
              <img
                src="googleLogo.png"
              />
              <div>
                Login with Google
              </div>
            </span>
            <div>
              Forgot password?
            </div>
          </form>
        </fieldset>
        <fieldset>
          <div
            class="signUp"
          >
            Don't have an account? 
            <button>
              Sign up
            </button>
          </div>
        </fieldset>
      </div>
    </div>
  </div>
</div>
`;
